

================================================================
== Vivado HLS Report for 'dog'
================================================================
* Date:           Wed Dec  4 23:12:31 2019

* Version:        2016.2 (Build 1577090 on Thu Jun 02 16:59:10 MDT 2016)
* Project:        sift_starter
* Solution:       solution1
* Product family: qzynq
* Target device:  xq7z020cl400-1q


================================================================
== Performance Estimates
================================================================
+ Timing (ns): 
    * Summary: 
    +--------+-------+----------+------------+
    |  Clock | Target| Estimated| Uncertainty|
    +--------+-------+----------+------------+
    |ap_clk  |   8.00|      5.10|        1.00|
    +--------+-------+----------+------------+

+ Latency (clock cycles): 
    * Summary: 
    +-----+-----+-----+-----+---------+
    |  Latency  |  Interval | Pipeline|
    | min | max | min | max |   Type  |
    +-----+-----+-----+-----+---------+
    |  601|  601|  602|  602|   none  |
    +-----+-----+-----+-----+---------+

    + Detail: 
        * Instance: 
        +---------------------+----------+-----+-----+-----+-----+----------+
        |                     |          |  Latency  |  Interval | Pipeline |
        |       Instance      |  Module  | min | max | min | max |   Type   |
        +---------------------+----------+-----+-----+-----+-----+----------+
        |grp_dog_func_fu_157  |dog_func  |    6|    6|    6|    6| function |
        +---------------------+----------+-----+-----+-----+-----+----------+

        * Loop: 
        +-------------+-----+-----+----------+-----------+-----------+------+----------+
        |             |  Latency  | Iteration|  Initiation Interval  | Trip |          |
        |  Loop Name  | min | max |  Latency |  achieved |   target  | Count| Pipelined|
        +-------------+-----+-----+----------+-----------+-----------+------+----------+
        |- Loop 1     |    5|    5|         2|          -|          -|     3|    no    |
        |- Loop 2     |  594|  594|        66|          -|          -|     9|    no    |
        | + Loop 2.1  |   64|   64|         8|          -|          -|     8|    no    |
        +-------------+-----+-----+----------+-----------+-----------+------+----------+



================================================================
== Utilization Estimates
================================================================
* Summary: 
+-----------------+---------+-------+--------+-------+
|       Name      | BRAM_18K| DSP48E|   FF   |  LUT  |
+-----------------+---------+-------+--------+-------+
|DSP              |        -|      -|       -|      -|
|Expression       |        -|      -|       0|     68|
|FIFO             |        -|      -|       -|      -|
|Instance         |        -|      -|     163|     69|
|Memory           |        3|      -|       0|      0|
|Multiplexer      |        -|      -|       -|     76|
|Register         |        -|      -|     123|      -|
+-----------------+---------+-------+--------+-------+
|Total            |        3|      0|     286|    213|
+-----------------+---------+-------+--------+-------+
|Available        |      280|    220|  106400|  53200|
+-----------------+---------+-------+--------+-------+
|Utilization (%)  |        1|      0|   ~0   |   ~0  |
+-----------------+---------+-------+--------+-------+

+ Detail: 
    * Instance: 
    +---------------------+----------+---------+-------+-----+----+
    |       Instance      |  Module  | BRAM_18K| DSP48E|  FF | LUT|
    +---------------------+----------+---------+-------+-----+----+
    |grp_dog_func_fu_157  |dog_func  |        0|      0|  163|  69|
    +---------------------+----------+---------+-------+-----+----+
    |Total                |          |        0|      0|  163|  69|
    +---------------------+----------+---------+-------+-----+----+

    * DSP48: 
    N/A

    * Memory: 
    +------------------------+--------------------------+---------+---+----+------+-----+------+-------------+
    |         Memory         |          Module          | BRAM_18K| FF| LUT| Words| Bits| Banks| W*Bits*Banks|
    +------------------------+--------------------------+---------+---+----+------+-----+------+-------------+
    |line_delay_outs_V_U     |dog_line_delay_outs_V     |        1|  0|   0|     3|    8|     1|           24|
    |line_delays_buffer_V_U  |dog_line_delays_buffer_V  |        2|  0|   0|  3072|    8|     1|        24576|
    +------------------------+--------------------------+---------+---+----+------+-----+------+-------------+
    |Total                   |                          |        3|  0|   0|  3075|   16|     2|        24600|
    +------------------------+--------------------------+---------+---+----+------+-----+------+-------------+

    * FIFO: 
    N/A

    * Expression: 
    +--------------------------------+----------+-------+---+----+------------+------------+
    |          Variable Name         | Operation| DSP48E| FF| LUT| Bitwidth P0| Bitwidth P1|
    +--------------------------------+----------+-------+---+----+------------+------------+
    |i_V_fu_318_p2                   |     +    |      0|  0|   4|           4|           1|
    |j_V_fu_330_p2                   |     +    |      0|  0|   4|           4|           1|
    |tmp_9_fu_170_p2                 |     +    |      0|  0|   2|           2|           1|
    |exitcond1_fu_312_p2             |   icmp   |      0|  0|   2|           4|           4|
    |exitcond_fu_324_p2              |   icmp   |      0|  0|   2|           4|           5|
    |sel_tmp2_fu_223_p2              |   icmp   |      0|  0|   1|           2|           1|
    |sel_tmp_fu_209_p2               |   icmp   |      0|  0|   1|           2|           1|
    |tmp_1_fu_261_p2                 |   icmp   |      0|  0|   2|           2|           3|
    |line_delays_rp_V_0_1_fu_253_p3  |  select  |      0|  0|  10|           1|           5|
    |line_delays_rp_V_1_1_fu_245_p3  |  select  |      0|  0|  10|           1|          10|
    |line_delays_rp_V_2_1_fu_229_p3  |  select  |      0|  0|  10|           1|          10|
    |sel_tmp1_fu_215_p3              |  select  |      0|  0|  10|           1|          10|
    |sel_tmp5_fu_237_p3              |  select  |      0|  0|  10|           1|           5|
    +--------------------------------+----------+-------+---+----+------------+------------+
    |Total                           |          |      0|  0|  68|          29|          57|
    +--------------------------------+----------+-------+---+----+------------+------------+

    * Multiplexer: 
    +-----------------------------+----+-----------+-----+-----------+
    |             Name            | LUT| Input Size| Bits| Total Bits|
    +-----------------------------+----+-----------+-----+-----------+
    |ap_NS_fsm                    |   6|         13|    1|         13|
    |line_delays_0_rp_V_1_fu_98   |  10|          2|   10|         20|
    |line_delays_0_wp_V_1_fu_86   |  10|          2|   10|         20|
    |line_delays_1_rp_V_1_fu_102  |  10|          2|   10|         20|
    |line_delays_1_wp_V_1_fu_90   |  10|          2|   10|         20|
    |line_delays_2_rp_V_1_fu_106  |  10|          2|   10|         20|
    |line_delays_2_wp_V_1_fu_94   |  10|          2|   10|         20|
    |p_1_reg_146                  |   4|          2|    4|          8|
    |p_s_reg_135                  |   4|          2|    4|          8|
    |tmp_reg_123                  |   2|          2|    2|          4|
    +-----------------------------+----+-----------+-----+-----------+
    |Total                        |  76|         31|   71|        153|
    +-----------------------------+----+-----------+-----+-----------+

    * Register: 
    +-------------------------------------+----+----+-----+-----------+
    |                 Name                | FF | LUT| Bits| Const Bits|
    +-------------------------------------+----+----+-----+-----------+
    |ap_CS_fsm                            |  12|   0|   12|          0|
    |ap_reg_grp_dog_func_fu_157_ap_start  |   1|   0|    1|          0|
    |i_V_reg_513                          |   4|   0|    4|          0|
    |j_V_reg_521                          |   4|   0|    4|          0|
    |line_delays_0_rp_V_1_fu_98           |  10|   0|   10|          0|
    |line_delays_0_wp_V_1_fu_86           |  10|   0|   10|          0|
    |line_delays_1_rp_V_1_fu_102          |  10|   0|   10|          0|
    |line_delays_1_wp_V_1_fu_90           |  10|   0|   10|          0|
    |line_delays_2_rp_V_1_fu_106          |  10|   0|   10|          0|
    |line_delays_2_wp_V_1_fu_94           |  10|   0|   10|          0|
    |line_delays_rp_V_1_fu_58             |  10|   0|   10|          0|
    |line_delays_rp_V_2_fu_62             |  10|   0|   10|          0|
    |line_delays_rp_V_fu_54               |  10|   0|   10|          0|
    |p_1_reg_146                          |   4|   0|    4|          0|
    |p_s_reg_135                          |   4|   0|    4|          0|
    |tmp_9_reg_460                        |   2|   0|    2|          0|
    |tmp_reg_123                          |   2|   0|    2|          0|
    +-------------------------------------+----+----+-----+-----------+
    |Total                                | 123|   0|  123|          0|
    +-------------------------------------+----+----+-----+-----------+



================================================================
== Interface
================================================================
* Summary: 
+-------------------+-----+-----+------------+--------------+--------------+
|     RTL Ports     | Dir | Bits|  Protocol  | Source Object|    C Type    |
+-------------------+-----+-----+------------+--------------+--------------+
|ap_clk             |  in |    1| ap_ctrl_hs |      dog     | return value |
|ap_rst             |  in |    1| ap_ctrl_hs |      dog     | return value |
|ap_start           |  in |    1| ap_ctrl_hs |      dog     | return value |
|ap_done            | out |    1| ap_ctrl_hs |      dog     | return value |
|ap_idle            | out |    1| ap_ctrl_hs |      dog     | return value |
|ap_ready           | out |    1| ap_ctrl_hs |      dog     | return value |
|in_V               |  in |    8|   ap_none  |     in_V     |    scalar    |
|out_data_V         | out |   24|   ap_vld   |  out_data_V  |    pointer   |
|out_data_V_ap_vld  | out |    1|   ap_vld   |  out_data_V  |    pointer   |
+-------------------+-----+-----+------------+--------------+--------------+

