

================================================================
== Vivado HLS Report for 'dog'
================================================================
* Date:           Wed Dec 18 18:23:42 2019

* Version:        2016.2 (Build 1577090 on Thu Jun 02 16:59:10 MDT 2016)
* Project:        sift_starter
* Solution:       solution1
* Product family: qzynq
* Target device:  xq7z020cl400-1q


================================================================
== Performance Estimates
================================================================
+ Timing (ns): 
    * Summary: 
    +--------+-------+----------+------------+
    |  Clock | Target| Estimated| Uncertainty|
    +--------+-------+----------+------------+
    |ap_clk  |   5.00|      3.97|        0.62|
    +--------+-------+----------+------------+

+ Latency (clock cycles): 
    * Summary: 
    +---------+---------+---------+---------+---------+
    |      Latency      |      Interval     | Pipeline|
    |   min   |   max   |   min   |   max   |   Type  |
    +---------+---------+---------+---------+---------+
    |  1246722|  1246722|  1246723|  1246723|   none  |
    +---------+---------+---------+---------+---------+

    + Detail: 
        * Instance: 
        N/A

        * Loop: 
        +----------+---------+---------+----------+-----------+-----------+--------+----------+
        |          |      Latency      | Iteration|  Initiation Interval  |  Trip  |          |
        | Loop Name|   min   |   max   |  Latency |  achieved |   target  |  Count | Pipelined|
        +----------+---------+---------+----------+-----------+-----------+--------+----------+
        |- Loop 1  |  1246720|  1246720|         4|          4|         10|  311680|    yes   |
        +----------+---------+---------+----------+-----------+-----------+--------+----------+



================================================================
== Utilization Estimates
================================================================
* Summary: 
+-----------------+---------+-------+--------+-------+
|       Name      | BRAM_18K| DSP48E|   FF   |  LUT  |
+-----------------+---------+-------+--------+-------+
|DSP              |        -|      -|       -|      -|
|Expression       |        -|      -|       0|    156|
|FIFO             |        -|      -|       -|      -|
|Instance         |        -|      -|       -|      -|
|Memory           |       14|      -|       0|      0|
|Multiplexer      |        -|      -|       -|    210|
|Register         |        -|      -|     415|      -|
+-----------------+---------+-------+--------+-------+
|Total            |       14|      0|     415|    366|
+-----------------+---------+-------+--------+-------+
|Available        |      280|    220|  106400|  53200|
+-----------------+---------+-------+--------+-------+
|Utilization (%)  |        5|      0|   ~0   |   ~0  |
+-----------------+---------+-------+--------+-------+

+ Detail: 
    * Instance: 
    N/A

    * DSP48: 
    N/A

    * Memory: 
    +---------------+-----------------+---------+---+----+------+-----+------+-------------+
    |     Memory    |      Module     | BRAM_18K| FF| LUT| Words| Bits| Banks| W*Bits*Banks|
    +---------------+-----------------+---------+---+----+------+-----+------+-------------+
    |buffer_0_V_U   |dog_buffer_0_V   |        1|  0|   0|  1024|   17|     1|        17408|
    |buffer_1_V_U   |dog_buffer_0_V   |        1|  0|   0|  1024|   17|     1|        17408|
    |buffer_2_V_U   |dog_buffer_0_V   |        1|  0|   0|  1024|   17|     1|        17408|
    |buffer_3_V_U   |dog_buffer_0_V   |        1|  0|   0|  1024|   17|     1|        17408|
    |buffer_4_V_U   |dog_buffer_0_V   |        1|  0|   0|  1024|   17|     1|        17408|
    |buffer_5_V_U   |dog_buffer_0_V   |        1|  0|   0|  1024|   17|     1|        17408|
    |buffer_6_V_U   |dog_buffer_0_V   |        1|  0|   0|  1024|   17|     1|        17408|
    |buffer_7_V_U   |dog_buffer_0_V   |        1|  0|   0|  1024|   17|     1|        17408|
    |buffer_8_V_U   |dog_buffer_0_V   |        1|  0|   0|  1024|   17|     1|        17408|
    |buffer_9_V_U   |dog_buffer_0_V   |        1|  0|   0|  1024|   17|     1|        17408|
    |buffer_10_V_U  |dog_buffer_0_V   |        1|  0|   0|  1024|   17|     1|        17408|
    |buffer_11_V_U  |dog_buffer_0_V   |        1|  0|   0|  1024|   17|     1|        17408|
    |buffer_12_V_U  |dog_buffer_0_V   |        1|  0|   0|  1024|   17|     1|        17408|
    |buffer_13_V_U  |dog_buffer_13_V  |        1|  0|   0|  1024|   17|     1|        17408|
    +---------------+-----------------+---------+---+----+------+-----+------+-------------+
    |Total          |                 |       14|  0|   0| 14336|  238|    14|       243712|
    +---------------+-----------------+---------+---+----+------+-----+------+-------------+

    * FIFO: 
    N/A

    * Expression: 
    +--------------------------------+----------+-------+---+----+------------+------------+
    |          Variable Name         | Operation| DSP48E| FF| LUT| Bitwidth P0| Bitwidth P1|
    +--------------------------------+----------+-------+---+----+------------+------------+
    |i_V_fu_496_p2                   |     +    |      0|  0|   9|           9|           1|
    |indvar_flatten_next_fu_456_p2   |     +    |      0|  0|  19|          19|           1|
    |indvars_iv_next_dup2_fu_514_p2  |     +    |      0|  0|  10|          10|          10|
    |rp_V_fu_482_p2                  |     +    |      0|  0|  10|          10|          10|
    |tmp_7_fu_608_p2                 |     +    |      0|  0|  10|          10|           1|
    |tmp_8_fu_573_p2                 |     +    |      0|  0|  10|          10|           1|
    |wp_V_fu_468_p2                  |     +    |      0|  0|  10|          10|          10|
    |ap_sig_122                      |    and   |      0|  0|   1|           1|           1|
    |exitcond_flatten_fu_450_p2      |   icmp   |      0|  0|   7|          19|          19|
    |exitcond_fu_462_p2              |   icmp   |      0|  0|   4|          10|          10|
    |tmp_fu_508_p2                   |   icmp   |      0|  0|   3|           9|           7|
    |tmp_mid1_fu_502_p2              |   icmp   |      0|  0|   3|           9|           7|
    |indvars_iv_mid2_fu_520_p3       |  select  |      0|  0|  10|           1|          10|
    |p_0178_1_mid2_fu_474_p3         |  select  |      0|  0|  10|           1|          10|
    |p_0279_1_mid2_fu_488_p3         |  select  |      0|  0|  10|           1|          10|
    |p_1_mid2_fu_536_p3              |  select  |      0|  0|  10|           1|          10|
    |p_2_mid2_fu_544_p3              |  select  |      0|  0|   9|           1|           9|
    |p_mid2_fu_528_p3                |  select  |      0|  0|  10|           1|          10|
    |tmp_mid2_fu_552_p3              |  select  |      0|  0|   1|           1|           1|
    +--------------------------------+----------+-------+---+----+------------+------------+
    |Total                           |          |      0|  0| 156|         133|         138|
    +--------------------------------+----------+-------+---+----+------------+------------+

    * Multiplexer: 
    +------------------------+----+-----------+-----+-----------+
    |          Name          | LUT| Input Size| Bits| Total Bits|
    +------------------------+----+-----------+-----+-----------+
    |ap_NS_fsm               |   1|          7|    1|          7|
    |buffer_0_V_address0     |  10|          3|   10|         30|
    |buffer_10_V_address0    |  10|          3|   10|         30|
    |buffer_11_V_address0    |  10|          3|   10|         30|
    |buffer_12_V_address0    |  10|          3|   10|         30|
    |buffer_1_V_address0     |  10|          3|   10|         30|
    |buffer_2_V_address0     |  10|          3|   10|         30|
    |buffer_3_V_address0     |  10|          3|   10|         30|
    |buffer_4_V_address0     |  10|          3|   10|         30|
    |buffer_5_V_address0     |  10|          3|   10|         30|
    |buffer_6_V_address0     |  10|          3|   10|         30|
    |buffer_7_V_address0     |  10|          3|   10|         30|
    |buffer_8_V_address0     |  10|          3|   10|         30|
    |buffer_9_V_address0     |  10|          3|   10|         30|
    |in_V_V_TDATA_blk_n      |   1|          2|    1|          2|
    |indvar_flatten_reg_373  |  19|          2|   19|         38|
    |indvars_iv_reg_384      |  10|          2|   10|         20|
    |p_0178_1_reg_428        |  10|          2|   10|         20|
    |p_0279_1_reg_439        |  10|          2|   10|         20|
    |p_1_reg_406             |  10|          2|   10|         20|
    |p_2_reg_417             |   9|          2|    9|         18|
    |p_s_reg_395             |  10|          2|   10|         20|
    +------------------------+----+-----------+-----+-----------+
    |Total                   | 210|         62|  210|        555|
    +------------------------+----+-----------+-----+-----------+

    * Register: 
    +-----------------------------+----+----+-----+-----------+
    |             Name            | FF | LUT| Bits| Const Bits|
    +-----------------------------+----+----+-----+-----------+
    |ap_CS_fsm                    |   6|   0|    6|          0|
    |buffer_0_V_load_reg_749      |  17|   0|   17|          0|
    |buffer_10_V_load_reg_799     |  17|   0|   17|          0|
    |buffer_11_V_load_reg_804     |  17|   0|   17|          0|
    |buffer_12_V_load_reg_809     |  17|   0|   17|          0|
    |buffer_1_V_load_reg_754      |  17|   0|   17|          0|
    |buffer_2_V_load_reg_759      |  17|   0|   17|          0|
    |buffer_3_V_load_reg_764      |  17|   0|   17|          0|
    |buffer_4_V_load_reg_769      |  17|   0|   17|          0|
    |buffer_5_V_load_reg_774      |  17|   0|   17|          0|
    |buffer_6_V_load_reg_779      |  17|   0|   17|          0|
    |buffer_8_V_load_reg_789      |  17|   0|   17|          0|
    |buffer_9_V_load_reg_794      |  17|   0|   17|          0|
    |exitcond_flatten_reg_619     |   1|   0|    1|          0|
    |exitcond_reg_628             |   1|   0|    1|          0|
    |indvar_flatten_next_reg_623  |  19|   0|   19|          0|
    |indvar_flatten_reg_373       |  19|   0|   19|          0|
    |indvars_iv_mid2_reg_655      |  10|   0|   10|          0|
    |indvars_iv_reg_384           |  10|   0|   10|          0|
    |p_0178_1_mid2_reg_633        |  10|   0|   10|          0|
    |p_0178_1_reg_428             |  10|   0|   10|          0|
    |p_0279_1_mid2_reg_639        |  10|   0|   10|          0|
    |p_0279_1_reg_439             |  10|   0|   10|          0|
    |p_1_mid2_reg_665             |  10|   0|   10|          0|
    |p_1_reg_406                  |  10|   0|   10|          0|
    |p_2_mid2_reg_670             |   9|   0|    9|          0|
    |p_2_reg_417                  |   9|   0|    9|          0|
    |p_Val2_s_reg_784             |  17|   0|   17|          0|
    |p_mid2_reg_660               |  10|   0|   10|          0|
    |p_s_reg_395                  |  10|   0|   10|          0|
    |tmp_8_reg_744                |  10|   0|   10|          0|
    |tmp_V_fu_62                  |  17|   0|   17|          0|
    |tmp_mid1_reg_645             |   1|   0|    1|          0|
    |tmp_mid2_reg_675             |   1|   0|    1|          0|
    |tmp_reg_650                  |   1|   0|    1|          0|
    +-----------------------------+----+----+-----+-----------+
    |Total                        | 415|   0|  415|          0|
    +-----------------------------+----+----+-----+-----------+



================================================================
== Interface
================================================================
* Summary: 
+---------------------+-----+-----+------------+--------------+--------------+
|      RTL Ports      | Dir | Bits|  Protocol  | Source Object|    C Type    |
+---------------------+-----+-----+------------+--------------+--------------+
|ap_clk               |  in |    1| ap_ctrl_hs |      dog     | return value |
|ap_rst_n             |  in |    1| ap_ctrl_hs |      dog     | return value |
|ap_start             |  in |    1| ap_ctrl_hs |      dog     | return value |
|ap_done              | out |    1| ap_ctrl_hs |      dog     | return value |
|ap_idle              | out |    1| ap_ctrl_hs |      dog     | return value |
|ap_ready             | out |    1| ap_ctrl_hs |      dog     | return value |
|in_V_V_TDATA         |  in |   24|    axis    |    in_V_V    |    pointer   |
|in_V_V_TVALID        |  in |    1|    axis    |    in_V_V    |    pointer   |
|in_V_V_TREADY        | out |    1|    axis    |    in_V_V    |    pointer   |
|out_V_data_V_TDATA   |  in |  256|    axis    | out_V_data_V |    pointer   |
|out_V_data_V_TVALID  |  in |    1|    axis    | out_V_data_V |    pointer   |
|out_V_data_V_TREADY  | out |    1|    axis    | out_V_data_V |    pointer   |
+---------------------+-----+-----+------------+--------------+--------------+

